INSTRUMENTATION_STATUS: class=com.yangchengwei.easytrip.core.ui.theme.ThemePickerTest
INSTRUMENTATION_STATUS: current=1
INSTRUMENTATION_STATUS: id=AndroidJUnitRunner
INSTRUMENTATION_STATUS: numtests=8
INSTRUMENTATION_STATUS: stream=
com.yangchengwei.easytrip.core.ui.theme.ThemePickerTest:
INSTRUMENTATION_STATUS: test=atomicPreferenceSurvivesRestartAndInterruptedWriteKeepsSavedValue
INSTRUMENTATION_STATUS_CODE: 1
INSTRUMENTATION_STATUS: class=com.yangchengwei.easytrip.core.ui.theme.ThemePickerTest
INSTRUMENTATION_STATUS: current=1
INSTRUMENTATION_STATUS: id=AndroidJUnitRunner
INSTRUMENTATION_STATUS: numtests=8
INSTRUMENTATION_STATUS: stream=.
INSTRUMENTATION_STATUS: test=atomicPreferenceSurvivesRestartAndInterruptedWriteKeepsSavedValue
INSTRUMENTATION_STATUS_CODE: 0
INSTRUMENTATION_STATUS: class=com.yangchengwei.easytrip.core.ui.theme.ThemePickerTest
INSTRUMENTATION_STATUS: current=2
INSTRUMENTATION_STATUS: id=AndroidJUnitRunner
INSTRUMENTATION_STATUS: numtests=8
INSTRUMENTATION_STATUS: stream=
INSTRUMENTATION_STATUS: test=fiveThemesPreviewDiscardApplyAndKeepAccessibleSelection
INSTRUMENTATION_STATUS_CODE: 1
INSTRUMENTATION_STATUS: class=com.yangchengwei.easytrip.core.ui.theme.ThemePickerTest
INSTRUMENTATION_STATUS: current=2
INSTRUMENTATION_STATUS: id=AndroidJUnitRunner
INSTRUMENTATION_STATUS: numtests=8
INSTRUMENTATION_STATUS: stream=.
INSTRUMENTATION_STATUS: test=fiveThemesPreviewDiscardApplyAndKeepAccessibleSelection
INSTRUMENTATION_STATUS_CODE: 0
INSTRUMENTATION_STATUS: class=com.yangchengwei.easytrip.core.ui.theme.ThemePickerTest
INSTRUMENTATION_STATUS: current=3
INSTRUMENTATION_STATUS: id=AndroidJUnitRunner
INSTRUMENTATION_STATUS: numtests=8
INSTRUMENTATION_STATUS: stream=
INSTRUMENTATION_STATUS: test=savingDisablesSelectionAndAllBackActionsThenFailureCanRetry
INSTRUMENTATION_STATUS_CODE: 1
INSTRUMENTATION_STATUS: class=com.yangchengwei.easytrip.core.ui.theme.ThemePickerTest
INSTRUMENTATION_STATUS: current=3
INSTRUMENTATION_STATUS: id=AndroidJUnitRunner
INSTRUMENTATION_STATUS: numtests=8
INSTRUMENTATION_STATUS: stream=.
INSTRUMENTATION_STATUS: test=savingDisablesSelectionAndAllBackActionsThenFailureCanRetry
INSTRUMENTATION_STATUS_CODE: 0
INSTRUMENTATION_STATUS: class=com.yangchengwei.easytrip.core.ui.theme.ThemePickerTest
INSTRUMENTATION_STATUS: current=4
INSTRUMENTATION_STATUS: id=AndroidJUnitRunner
INSTRUMENTATION_STATUS: numtests=8
INSTRUMENTATION_STATUS: stream=
INSTRUMENTATION_STATUS: test=emptyIllustrationsFollowPaletteWithoutLosingSoftAccents
INSTRUMENTATION_STATUS_CODE: 1
INSTRUMENTATION_STATUS: class=com.yangchengwei.easytrip.core.ui.theme.ThemePickerTest
INSTRUMENTATION_STATUS: current=4
INSTRUMENTATION_STATUS: id=AndroidJUnitRunner
INSTRUMENTATION_STATUS: numtests=8
INSTRUMENTATION_STATUS: stream=.
INSTRUMENTATION_STATUS: test=emptyIllustrationsFollowPaletteWithoutLosingSoftAccents
INSTRUMENTATION_STATUS_CODE: 0
INSTRUMENTATION_STATUS: class=com.yangchengwei.easytrip.core.ui.theme.ThemePickerTest
INSTRUMENTATION_STATUS: current=5
INSTRUMENTATION_STATUS: id=AndroidJUnitRunner
INSTRUMENTATION_STATUS: numtests=8
INSTRUMENTATION_STATUS: stream=
INSTRUMENTATION_STATUS: test=smallScreenAndLargeFontsKeepLastOptionAndApplyReachable
INSTRUMENTATION_STATUS_CODE: 1
INSTRUMENTATION_STATUS: class=com.yangchengwei.easytrip.core.ui.theme.ThemePickerTest
INSTRUMENTATION_STATUS: current=5
INSTRUMENTATION_STATUS: id=AndroidJUnitRunner
INSTRUMENTATION_STATUS: numtests=8
INSTRUMENTATION_STATUS: stream=.
INSTRUMENTATION_STATUS: test=smallScreenAndLargeFontsKeepLastOptionAndApplyReachable
INSTRUMENTATION_STATUS_CODE: 0
INSTRUMENTATION_STATUS: class=com.yangchengwei.easytrip.core.ui.theme.ThemePaletteTest
INSTRUMENTATION_STATUS: current=6
INSTRUMENTATION_STATUS: id=AndroidJUnitRunner
INSTRUMENTATION_STATUS: numtests=8
INSTRUMENTATION_STATUS: stream=
com.yangchengwei.easytrip.core.ui.theme.ThemePaletteTest:
INSTRUMENTATION_STATUS: test=nativeMarkersUseCurrentThemeAndKeepDayBadgeSegments
INSTRUMENTATION_STATUS_CODE: 1
INSTRUMENTATION_STATUS: class=com.yangchengwei.easytrip.core.ui.theme.ThemePaletteTest
INSTRUMENTATION_STATUS: current=6
INSTRUMENTATION_STATUS: id=AndroidJUnitRunner
INSTRUMENTATION_STATUS: numtests=8
INSTRUMENTATION_STATUS: stream=.
INSTRUMENTATION_STATUS: test=nativeMarkersUseCurrentThemeAndKeepDayBadgeSegments
INSTRUMENTATION_STATUS_CODE: 0
INSTRUMENTATION_STATUS: class=com.yangchengwei.easytrip.core.ui.theme.ThemePaletteTest
INSTRUMENTATION_STATUS: current=7
INSTRUMENTATION_STATUS: id=AndroidJUnitRunner
INSTRUMENTATION_STATUS: numtests=8
INSTRUMENTATION_STATUS: stream=
INSTRUMENTATION_STATUS: test=palettesMeetContrastAndKeepSemanticColors
INSTRUMENTATION_STATUS_CODE: 1
INSTRUMENTATION_STATUS: class=com.yangchengwei.easytrip.core.ui.theme.ThemePaletteTest
INSTRUMENTATION_STATUS: current=7
INSTRUMENTATION_STATUS: id=AndroidJUnitRunner
INSTRUMENTATION_STATUS: numtests=8
INSTRUMENTATION_STATUS: stream=.
INSTRUMENTATION_STATUS: test=palettesMeetContrastAndKeepSemanticColors
INSTRUMENTATION_STATUS_CODE: 0
INSTRUMENTATION_STATUS: class=com.yangchengwei.easytrip.core.ui.theme.ThemeNavigationTest
INSTRUMENTATION_STATUS: current=8
INSTRUMENTATION_STATUS: id=AndroidJUnitRunner
INSTRUMENTATION_STATUS: numtests=8
INSTRUMENTATION_STATUS: stream=
com.yangchengwei.easytrip.core.ui.theme.ThemeNavigationTest:
INSTRUMENTATION_STATUS: test=workspaceSwitchKeepsDateCalendarDrawerScrollAndMapInstance
INSTRUMENTATION_STATUS_CODE: 1
INSTRUMENTATION_STATUS: class=com.yangchengwei.easytrip.core.ui.theme.ThemeNavigationTest
INSTRUMENTATION_STATUS: current=8
INSTRUMENTATION_STATUS: id=AndroidJUnitRunner
INSTRUMENTATION_STATUS: numtests=8
INSTRUMENTATION_STATUS: stream=.
INSTRUMENTATION_STATUS: test=workspaceSwitchKeepsDateCalendarDrawerScrollAndMapInstance
INSTRUMENTATION_STATUS_CODE: 0
INSTRUMENTATION_RESULT: stream=

Time: 15.166

OK (8 tests)


INSTRUMENTATION_CODE: -1
