INSTRUMENTATION_STATUS: class=com.yangchengwei.easytrip.workspace.ThemeRealMapVerificationTest
INSTRUMENTATION_STATUS: current=1
INSTRUMENTATION_STATUS: id=AndroidJUnitRunner
INSTRUMENTATION_STATUS: numtests=1
INSTRUMENTATION_STATUS: stream=
com.yangchengwei.easytrip.workspace.ThemeRealMapVerificationTest:
INSTRUMENTATION_STATUS: test=fiveThemesKeepRealMapTilesCameraAndDayColors
INSTRUMENTATION_STATUS_CODE: 1
s_glBindAttribLocation: bind attrib 0 name position
s_glBindAttribLocation: bind attrib 1 name localCoord
INSTRUMENTATION_STATUS: class=com.yangchengwei.easytrip.workspace.ThemeRealMapVerificationTest
INSTRUMENTATION_STATUS: current=1
INSTRUMENTATION_STATUS: id=AndroidJUnitRunner
INSTRUMENTATION_STATUS: numtests=1
INSTRUMENTATION_STATUS: stream=.
INSTRUMENTATION_STATUS: test=fiveThemesKeepRealMapTilesCameraAndDayColors
INSTRUMENTATION_STATUS_CODE: 0
INSTRUMENTATION_RESULT: stream=

Time: 50.326

OK (1 test)


INSTRUMENTATION_CODE: -1
